Reading netlist file: "D:\FPGA_Projects\FPGA_competition\impl\gwsynthesis\FPGA_competition.vg"
Parsing netlist file "D:\FPGA_Projects\FPGA_competition\impl\gwsynthesis\FPGA_competition.vg" completed
Processing netlist completed
Reading constraint file: "D:\FPGA_Projects\FPGA_competition\src\FPGA_competition.cst"
Physical Constraint parsed completed
Running placement......
[10%] Placement Phase 0 completed
[20%] Placement Phase 1 completed
[30%] Placement Phase 2 completed
[50%] Placement Phase 3 completed
Running routing......
[60%] Routing Phase 0 completed
[70%] Routing Phase 1 completed
[80%] Routing Phase 2 completed
[90%] Routing Phase 3 completed
Running timing analysis......
[95%] Timing analysis completed
Placement and routing completed
Bitstream generation in progress......
Bitstream generation completed
Running power analysis......
[100%] Power analysis completed
Generate file "D:\FPGA_Projects\FPGA_competition\impl\pnr\FPGA_competition.power.html" completed
Generate file "D:\FPGA_Projects\FPGA_competition\impl\pnr\FPGA_competition.pin.html" completed
Generate file "D:\FPGA_Projects\FPGA_competition\impl\pnr\FPGA_competition.rpt.html" completed
Generate file "D:\FPGA_Projects\FPGA_competition\impl\pnr\FPGA_competition.rpt.txt" completed
Generate file "D:\FPGA_Projects\FPGA_competition\impl\pnr\FPGA_competition.tr.html" completed
Fri Sep 18 22:40:38 2026

